 Thr3

 Timestamp is 589d9fc3 (Fri Feb 10 14:10:59 2017)

 Preferred load address is 00400000

 Start         Length     Name                   Class
 0001:00000000 0000832aH .text$mn                CODE
 0002:00000000 00000104H .CRT$XCA                DATA
 0002:00000104 00000104H .CRT$XCAA               DATA
 0002:00000208 00000104H .CRT$XCZ                DATA
 0002:0000030c 00000104H .CRT$XIA                DATA
 0002:00000410 00000104H .CRT$XIAA               DATA
 0002:00000514 00000104H .CRT$XIAC               DATA
 0002:00000618 00000104H .CRT$XIZ                DATA
 0002:0000071c 00000104H .CRT$XPA                DATA
 0002:00000820 00000104H .CRT$XPZ                DATA
 0002:00000924 00000104H .CRT$XTA                DATA
 0002:00000a28 00000108H .CRT$XTZ                DATA
 0002:00000b30 00000df0H .rdata                  DATA
 0002:00001920 00000104H .rdata$sxdata           DATA
 0002:00001a24 0000018cH .rdata$zzzdbg           DATA
 0002:00001bb0 00000104H .rtc$IAA                DATA
 0002:00001cb4 00000104H .rtc$IMZ                DATA
 0002:00001db8 00000104H .rtc$IZZ                DATA
 0002:00001ebc 00000104H .rtc$TAA                DATA
 0002:00001fc0 00000104H .rtc$TMZ                DATA
 0002:000020c4 00000104H .rtc$TZZ                DATA
 0002:000021c8 0000018dH .xdata$x                DATA
 0002:00002355 00000000H .edata                  DATA
 0003:00000000 00000158H .data                   DATA
 0003:00000158 0000059cH .bss                    DATA
 0004:00000000 00000350H .idata$5                DATA
 0004:00000350 00000078H .idata$2                DATA
 0004:000003c8 00000014H .idata$3                DATA
 0004:000003dc 00000350H .idata$4                DATA
 0004:0000072c 00000c58H .idata$6                DATA
 0005:00000000 0000013aH .gfids$y                DATA
 0006:00000000 00000104H .00cfg                  DATA
 0007:00000000 00000460H .rsrc$01                DATA
 0007:00000460 00000f96H .rsrc$02                DATA

  Address         Publics by Value              Rva+Base       Lib:Object

 0000:00000000       ___dynamic_value_reloc_table 00000000     <absolute>
 0000:00000000       ___guard_iat_table         00000000     <absolute>
 0000:00000000       ___guard_iat_count         00000000     <absolute>
 0000:00000000       ___guard_fids_count        00000000     <absolute>
 0000:00000000       ___guard_longjmp_table     00000000     <absolute>
 0000:00000000       ___guard_fids_table        00000000     <absolute>
 0000:00000000       ___guard_longjmp_count     00000000     <absolute>
 0000:00000001       ___safe_se_handler_count   00000001     <absolute>
 0000:00000100       ___guard_flags             00000100     <absolute>
 0000:00000000       ___ImageBase               00400000     <linker-defined>
 0001:00000520       ??$__vcrt_va_start_verify_argument_type@QBD@@YAXXZ 00401520 f i Thr3.obj
 0001:00000550       ??$endl@DU?$char_traits@D@std@@@std@@YAAAV?$basic_ostream@DU?$char_traits@D@std@@@0@AAV10@@Z 00401550 f i Thr3.obj
 0001:000005f0       ?About@@YGJPAUHWND__@@IIJ@Z 004015f0 f   Thr3.obj
 0001:000006c0       ?ChThPr_OnCommand@@YAJPAUHWND__@@H0I@Z 004016c0 f   Thr3.obj
 0001:000008a0       ?ChThPr_OnInitDialog@@YAHPAUHWND__@@0J@Z 004018a0 f   Thr3.obj
 0001:00000d80       ?ChangeThreadPriority_Box@@YGJPAUHWND__@@IIJ@Z 00401d80 f   Thr3.obj
 0001:00000e50       ?InitInstance@@YAHPAUHINSTANCE__@@H@Z 00401e50 f   Thr3.obj
 0001:00000f30       ?MyRegisterClass@@YAGPAUHINSTANCE__@@@Z 00401f30 f   Thr3.obj
 0001:00001070       ?PaintEllipse@@YGIPAX@Z    00402070 f   Thr3.obj
 0001:00001460       ?PaintLine@@YGIPAX@Z       00402460 f   Thr3.obj
 0001:00001860       ?PaintRectangle@@YGIPAX@Z  00402860 f   Thr3.obj
 0001:00001c40       ?SuspendEllipse@@YAXPAUHMENU__@@PA_N@Z 00402c40 f   Thr3.obj
 0001:00001ec0       ?SuspendLine@@YAXPAUHMENU__@@PA_N@Z 00402ec0 f   Thr3.obj
 0001:00002140       ?SuspendRectangle@@YAXPAUHMENU__@@PA_N@Z 00403140 f   Thr3.obj
 0001:000023c0       ?TerminateEllipse@@YAXPAUHWND__@@PAUHMENU__@@PAH@Z 004033c0 f   Thr3.obj
 0001:000025d0       ?TerminateLine@@YAXPAUHWND__@@PAUHMENU__@@PAH@Z 004035d0 f   Thr3.obj
 0001:000027d0       ?TerminateRectangle@@YAXPAUHWND__@@PAUHMENU__@@PAH@Z 004037d0 f   Thr3.obj
 0001:000029e0       ?WndProc@@YGJPAUHWND__@@IIJ@Z 004039e0 f   Thr3.obj
 0001:00002b70       ?WndProc_OnClose@@YAXPAUHWND__@@@Z 00403b70 f   Thr3.obj
 0001:00002c70       ?WndProc_OnCommand@@YAJPAUHWND__@@H0I@Z 00403c70 f   Thr3.obj
 0001:00002f80       ?WndProc_OnCreate@@YAJPAUHWND__@@PAUtagCREATESTRUCTA@@@Z 00403f80 f   Thr3.obj
 0001:00003190       ?WndProc_OnDestroy@@YAJPAUHWND__@@@Z 00404190 f   Thr3.obj
 0001:000035b0       ?WndProc_OnPaint@@YAXPAUHWND__@@@Z 004045b0 f   Thr3.obj
 0001:00003810       ?__empty_global_delete@@YAXPAX@Z 00404810 f i Thr3.obj
 0001:00003840       ?__empty_global_delete@@YAXPAXI@Z 00404840 f i Thr3.obj
 0001:00003870       _WinMain@16                00404870 f   Thr3.obj
 0001:00003b40       ___local_stdio_printf_options 00404b40 f i Thr3.obj
 0001:00003b80       __vsnprintf_l              00404b80 f i Thr3.obj
 0001:00003c30       __vsprintf_l               00404c30 f i Thr3.obj
 0001:00003c90       _sprintf                   00404c90 f i Thr3.obj
 0001:00003d08       _CloseHandle@4             00404d08 f   kernel32:KERNEL32.dll
 0001:00003d0e       _GetLastError@0            00404d0e f   kernel32:KERNEL32.dll
 0001:00003d14       _EnterCriticalSection@4    00404d14 f   kernel32:KERNEL32.dll
 0001:00003d1a       _LeaveCriticalSection@4    00404d1a f   kernel32:KERNEL32.dll
 0001:00003d20       _InitializeCriticalSectionAndSpinCount@8 00404d20 f   kernel32:KERNEL32.dll
 0001:00003d26       _DeleteCriticalSection@4   00404d26 f   kernel32:KERNEL32.dll
 0001:00003d2c       _WaitForSingleObject@8     00404d2c f   kernel32:KERNEL32.dll
 0001:00003d32       _Sleep@4                   00404d32 f   kernel32:KERNEL32.dll
 0001:00003d38       _GetCurrentProcess@0       00404d38 f   kernel32:KERNEL32.dll
 0001:00003d3e       _SetThreadPriority@8       00404d3e f   kernel32:KERNEL32.dll
 0001:00003d44       _GetThreadPriority@4       00404d44 f   kernel32:KERNEL32.dll
 0001:00003d4a       _SuspendThread@4           00404d4a f   kernel32:KERNEL32.dll
 0001:00003d50       _ResumeThread@4            00404d50 f   kernel32:KERNEL32.dll
 0001:00003d56       _GetPriorityClass@4        00404d56 f   kernel32:KERNEL32.dll
 0001:00003d5c       _WaitForMultipleObjects@16 00404d5c f   kernel32:KERNEL32.dll
 0001:00003d62       _LoadStringA@16            00404d62 f   user32:USER32.dll
 0001:00003d68       _wsprintfA                 00404d68 f   user32:USER32.dll
 0001:00003d6e       _GetMessageA@16            00404d6e f   user32:USER32.dll
 0001:00003d74       _TranslateMessage@4        00404d74 f   user32:USER32.dll
 0001:00003d7a       _DispatchMessageA@4        00404d7a f   user32:USER32.dll
 0001:00003d80       _DefWindowProcA@16         00404d80 f   user32:USER32.dll
 0001:00003d86       _PostQuitMessage@4         00404d86 f   user32:USER32.dll
 0001:00003d8c       _RegisterClassExA@4        00404d8c f   user32:USER32.dll
 0001:00003d92       _CreateWindowExA@48        00404d92 f   user32:USER32.dll
 0001:00003d98       _DestroyWindow@4           00404d98 f   user32:USER32.dll
 0001:00003d9e       _ShowWindow@8              00404d9e f   user32:USER32.dll
 0001:00003da4       _DialogBoxParamA@20        00404da4 f   user32:USER32.dll
 0001:00003daa       _EndDialog@8               00404daa f   user32:USER32.dll
 0001:00003db0       _CheckRadioButton@16       00404db0 f   user32:USER32.dll
 0001:00003db6       _IsDlgButtonChecked@8      00404db6 f   user32:USER32.dll
 0001:00003dbc       _SendDlgItemMessageA@20    00404dbc f   user32:USER32.dll
 0001:00003dc2       _LoadAcceleratorsA@8       00404dc2 f   user32:USER32.dll
 0001:00003dc8       _TranslateAcceleratorA@12  00404dc8 f   user32:USER32.dll
 0001:00003dce       _GetMenu@4                 00404dce f   user32:USER32.dll
 0001:00003dd4       _CheckMenuItem@12          00404dd4 f   user32:USER32.dll
 0001:00003dda       _DrawTextA@20              00404dda f   user32:USER32.dll
 0001:00003de0       _UpdateWindow@4            00404de0 f   user32:USER32.dll
 0001:00003de6       _GetDC@4                   00404de6 f   user32:USER32.dll
 0001:00003dec       _ReleaseDC@8               00404dec f   user32:USER32.dll
 0001:00003df2       _BeginPaint@8              00404df2 f   user32:USER32.dll
 0001:00003df8       _EndPaint@8                00404df8 f   user32:USER32.dll
 0001:00003dfe       _InvalidateRect@12         00404dfe f   user32:USER32.dll
 0001:00003e04       _GetClientRect@8           00404e04 f   user32:USER32.dll
 0001:00003e0a       _GetWindowRect@8           00404e0a f   user32:USER32.dll
 0001:00003e10       _MessageBoxA@16            00404e10 f   user32:USER32.dll
 0001:00003e16       _LoadCursorA@8             00404e16 f   user32:USER32.dll
 0001:00003e1c       _LoadIconA@8               00404e1c f   user32:USER32.dll
 0001:00003e22       _CreateSolidBrush@4        00404e22 f   gdi32:GDI32.dll
 0001:00003e28       _DeleteObject@4            00404e28 f   gdi32:GDI32.dll
 0001:00003e2e       _Ellipse@20                00404e2e f   gdi32:GDI32.dll
 0001:00003e34       _LineTo@12                 00404e34 f   gdi32:GDI32.dll
 0001:00003e3a       _Rectangle@20              00404e3a f   gdi32:GDI32.dll
 0001:00003e40       _SelectObject@8            00404e40 f   gdi32:GDI32.dll
 0001:00003e46       _MoveToEx@16               00404e46 f   gdi32:GDI32.dll
 0001:00003e50       @_RTC_AllocaHelper@12      00404e50 f   MSVCRTD:_stack_.obj
 0001:00003e90       @_RTC_CheckStackVars2@12   00404e90 f   MSVCRTD:_stack_.obj
 0001:00003fa0       @_RTC_CheckStackVars@8     00404fa0 f   MSVCRTD:_stack_.obj
 0001:00004010       __RTC_CheckEsp             00405010 f   MSVCRTD:_stack_.obj
 0001:00004050       @__security_check_cookie@4 00405050 f   MSVCRTD:_secchk_.obj
 0001:00004070       __CRT_RTC_INIT             00405070 f   MSVCRTD:_init_.obj
 0001:00004080       __CRT_RTC_INITW            00405080 f   MSVCRTD:_init_.obj
 0001:00004090       __RTC_InitBase             00405090 f   MSVCRTD:_init_.obj
 0001:000040d0       __RTC_Shutdown             004050d0 f   MSVCRTD:_init_.obj
 0001:00004290       ?_RTC_AllocaFailure@@YAXPAXPAU_RTC_ALLOCA_NODE@@H@Z 00405290 f   MSVCRTD:_error_.obj
 0001:00004400       ?_RTC_Failure@@YAXPAXH@Z   00405400 f   MSVCRTD:_error_.obj
 0001:00004470       ?_RTC_StackFailure@@YAXPAXPBD@Z 00405470 f   MSVCRTD:_error_.obj
 0001:000048f0       __RTC_UninitUse            004058f0 f   MSVCRTD:_error_.obj
 0001:00004a20       __vsprintf_s_l             00405a20 f i MSVCRTD:_error_.obj
 0001:00004a60       _sprintf_s                 00405a60 f i MSVCRTD:_error_.obj
 0001:00004e60       ?configure_argv@__scrt_narrow_argv_policy@@SAHXZ 00405e60 f i MSVCRTD:exe_winmain.obj
 0001:00004e80       ?get_app_type@__scrt_winmain_policy@@SA?AW4_crt_app_type@@XZ 00405e80 f i MSVCRTD:exe_winmain.obj
 0001:00004ed0       _WinMainCRTStartup         00405ed0 f   MSVCRTD:exe_winmain.obj
 0001:00004ee0       ___raise_securityfailure   00405ee0 f   MSVCRTD:gs_report.obj
 0001:00004f20       ___report_gsfailure        00405f20 f   MSVCRTD:gs_report.obj
 0001:00005070       ___report_rangecheckfailure 00406070 f   MSVCRTD:gs_report.obj
 0001:00005080       ___report_securityfailure  00406080 f   MSVCRTD:gs_report.obj
 0001:00005190       ___report_securityfailureEx 00406190 f   MSVCRTD:gs_report.obj
 0001:00005300       ?_RTC_GetErrorFunc@@YAP6AHHPBDH00ZZPBX@Z 00406300 f   MSVCRTD:_userapi_.obj
 0001:00005310       ?_RTC_GetErrorFuncW@@YAP6AHHPB_WH00ZZPBX@Z 00406310 f   MSVCRTD:_userapi_.obj
 0001:00005320       __RTC_GetErrDesc           00406320 f   MSVCRTD:_userapi_.obj
 0001:00005340       __RTC_NumErrors            00406340 f   MSVCRTD:_userapi_.obj
 0001:00005350       __RTC_SetErrorFunc         00406350 f   MSVCRTD:_userapi_.obj
 0001:00005380       __RTC_SetErrorFuncW        00406380 f   MSVCRTD:_userapi_.obj
 0001:000053b0       __RTC_SetErrorType         004063b0 f   MSVCRTD:_userapi_.obj
 0001:000059a0       ?_RTC_GetSrcLine@@YAHPAEPA_WKPAH1K@Z 004069a0 f   MSVCRTD:_pdblkup_.obj
 0001:00005dd0       @_guard_check_icall@4      00406dd0 f i MSVCRTD:checkcfg.obj
 0001:00005df0       __except_handler4          00406df0 f   MSVCRTD:_chandler4gs_.obj
 0001:00005e20       ??$__crt_fast_decode_pointer@PAP6AXXZ@@YAPAP6AXXZQAP6AXXZ@Z 00406e20 f i MSVCRTD:utility.obj
 0001:00005e50       ??$__crt_fast_encode_pointer@PAP6AXXZ@@YAPAP6AXXZQAP6AXXZ@Z 00406e50 f i MSVCRTD:utility.obj
 0001:00005e90       ?__crt_rotate_pointer_value@@YAIIH@Z 00406e90 f i MSVCRTD:utility.obj
 0001:00005fe0       _NtCurrentTeb              00406fe0 f i MSVCRTD:utility.obj
 0001:00005ff0       ___scrt_acquire_startup_lock 00406ff0 f   MSVCRTD:utility.obj
 0001:00006050       ___scrt_dllmain_after_initialize_c 00407050 f   MSVCRTD:utility.obj
 0001:00006090       ___scrt_dllmain_before_initialize_c 00407090 f   MSVCRTD:utility.obj
 0001:000060c0       ___scrt_dllmain_crt_thread_attach 004070c0 f   MSVCRTD:utility.obj
 0001:00006100       ___scrt_dllmain_crt_thread_detach 00407100 f   MSVCRTD:utility.obj
 0001:00006120       ___scrt_dllmain_exception_filter 00407120 f   MSVCRTD:utility.obj
 0001:00006180       ___scrt_dllmain_uninitialize_c 00407180 f   MSVCRTD:utility.obj
 0001:000061c0       ___scrt_dllmain_uninitialize_critical 004071c0 f   MSVCRTD:utility.obj
 0001:000061e0       ___scrt_initialize_crt     004071e0 f   MSVCRTD:utility.obj
 0001:00006240       ___scrt_initialize_onexit_tables 00407240 f   MSVCRTD:utility.obj
 0001:00006340       ___scrt_is_nonwritable_in_current_image 00407340 f   MSVCRTD:utility.obj
 0001:000064c0       ___scrt_release_startup_lock 004074c0 f   MSVCRTD:utility.obj
 0001:000064f0       ___scrt_uninitialize_crt   004074f0 f   MSVCRTD:utility.obj
 0001:00006540       __onexit                   00407540 f   MSVCRTD:utility.obj
 0001:000065d0       _at_quick_exit             004075d0 f   MSVCRTD:utility.obj
 0001:00006630       _atexit                    00407630 f   MSVCRTD:utility.obj
 0001:00006670       ___security_init_cookie    00407670 f   MSVCRTD:gs_support.obj
 0001:00006790       __matherr                  00407790 f   MSVCRTD:matherr.obj
 0001:000067a0       __get_startup_argv_mode    004077a0 f   MSVCRTD:argv_mode.obj
 0001:000067b0       __get_startup_commit_mode  004077b0 f   MSVCRTD:commit_mode.obj
 0001:000067c0       __get_startup_file_mode    004077c0 f   MSVCRTD:file_mode.obj
 0001:000067d0       __get_startup_new_mode     004077d0 f   MSVCRTD:new_mode.obj
 0001:000067e0       __get_startup_thread_locale_mode 004077e0 f   MSVCRTD:thread_locale.obj
 0001:000067f0       ?__scrt_initialize_type_info@@YAXXZ 004077f0 f   MSVCRTD:tncleanup.obj
 0001:00006810       ?__scrt_uninitialize_type_info@@YAXXZ 00407810 f   MSVCRTD:tncleanup.obj
 0001:00006830       __should_initialize_environment 00407830 f   MSVCRTD:env_mode.obj
 0001:00006840       __initialize_default_precision 00407840 f   MSVCRTD:default_precision.obj
 0001:00006870       __initialize_invalid_parameter_handler 00407870 f   MSVCRTD:invalid_parameter_handler.obj
 0001:00006880       __initialize_denormal_control 00407880 f   MSVCRTD:denormal_control.obj
 0001:00006890       ___local_stdio_scanf_options 00407890 f i MSVCRTD:default_local_stdio_options.obj
 0001:000068a0       ___scrt_initialize_default_local_stdio_options 004078a0 f   MSVCRTD:default_local_stdio_options.obj
 0001:000068f0       ___scrt_is_user_matherr_present 004078f0 f   MSVCRTD:matherr_detection.obj
 0001:00006920       ___scrt_get_dyn_tls_init_callback 00407920 f   MSVCRTD:dyn_tls_init.obj
 0001:00006930       ___scrt_get_dyn_tls_dtor_callback 00407930 f   MSVCRTD:dyn_tls_dtor.obj
 0001:00006940       ___scrt_fastfail           00407940 f   MSVCRTD:utility_desktop.obj
 0001:00006ad0       ___scrt_get_show_window_mode 00407ad0 f   MSVCRTD:utility_desktop.obj
 0001:00006b20       ___scrt_initialize_winrt   00407b20 f   MSVCRTD:utility_desktop.obj
 0001:00006b30       ___scrt_is_managed_app     00407b30 f   MSVCRTD:utility_desktop.obj
 0001:00006be0       ___scrt_set_unhandled_exception_filter 00407be0 f   MSVCRTD:utility_desktop.obj
 0001:00006c00       ___scrt_unhandled_exception_filter@4 00407c00 f   MSVCRTD:utility_desktop.obj
 0001:00006c80       __crt_debugger_hook        00407c80 f   MSVCRTD:utility_desktop.obj
 0001:00006ca0       __RTC_Initialize           00407ca0 f   MSVCRTD:_initsect_.obj
 0001:00006ce0       __RTC_Terminate            00407ce0 f   MSVCRTD:_initsect_.obj
 0001:00006d20       @_guard_check_icall_nop@4  00407d20 f i MSVCRTD:guard_support.obj
 0001:00006d30       __guard_icall_checks_enforced 00407d30 f i MSVCRTD:guard_support.obj
 0001:00006d60       ___isa_available_init      00407d60 f   MSVCRTD:_cpu_disp_.obj
 0001:000070f0       ___scrt_is_ucrt_dll_in_use 004080f0 f   MSVCRTD:ucrt_detection.obj
 0001:0000711e       ?widen@?$basic_ios@DU?$char_traits@D@std@@@std@@QBEDD@Z 0040811e f   msvcprtd:MSVCP140D.dll
 0001:00007124       ??6?$basic_ostream@DU?$char_traits@D@std@@@std@@QAEAAV01@P6AAAV01@AAV01@@Z@Z 00408124 f   msvcprtd:MSVCP140D.dll
 0001:0000712a       ??6?$basic_ostream@DU?$char_traits@D@std@@@std@@QAEAAV01@PBX@Z 0040812a f   msvcprtd:MSVCP140D.dll
 0001:00007130       ?put@?$basic_ostream@DU?$char_traits@D@std@@@std@@QAEAAV12@D@Z 00408130 f   msvcprtd:MSVCP140D.dll
 0001:00007136       ?flush@?$basic_ostream@DU?$char_traits@D@std@@@std@@QAEAAV12@XZ 00408136 f   msvcprtd:MSVCP140D.dll
 0001:0000713c       ___vcrt_GetModuleFileNameW 0040813c f   vcruntimed:VCRUNTIME140D.dll
 0001:00007142       ___vcrt_GetModuleHandleW   00408142 f   vcruntimed:VCRUNTIME140D.dll
 0001:00007148       ___vcrt_LoadLibraryExW     00408148 f   vcruntimed:VCRUNTIME140D.dll
 0001:0000714e       __except_handler4_common   0040814e f   vcruntimed:VCRUNTIME140D.dll
 0001:00007154       ___std_type_info_destroy_list 00408154 f   vcruntimed:VCRUNTIME140D.dll
 0001:0000715a       _memset                    0040815a f   vcruntimed:VCRUNTIME140D.dll
 0001:00007160       _strlen                    00408160 f   ucrtd:ucrtbased.dll
 0001:00007166       __beginthreadex            00408166 f   ucrtd:ucrtbased.dll
 0001:0000716c       ___stdio_common_vsprintf   0040816c f   ucrtd:ucrtbased.dll
 0001:00007172       _srand                     00408172 f   ucrtd:ucrtbased.dll
 0001:00007178       _rand                      00408178 f   ucrtd:ucrtbased.dll
 0001:0000717e       __CrtDbgReport             0040817e f   ucrtd:ucrtbased.dll
 0001:00007184       __CrtDbgReportW            00408184 f   ucrtd:ucrtbased.dll
 0001:0000718a       ___stdio_common_vsprintf_s 0040818a f   ucrtd:ucrtbased.dll
 0001:00007190       __seh_filter_exe           00408190 f   ucrtd:ucrtbased.dll
 0001:00007196       __set_app_type             00408196 f   ucrtd:ucrtbased.dll
 0001:0000719c       ___setusermatherr          0040819c f   ucrtd:ucrtbased.dll
 0001:000071a2       __configure_narrow_argv    004081a2 f   ucrtd:ucrtbased.dll
 0001:000071a8       __initialize_narrow_environment 004081a8 f   ucrtd:ucrtbased.dll
 0001:000071ae       __get_narrow_winmain_command_line 004081ae f   ucrtd:ucrtbased.dll
 0001:000071b4       __initterm                 004081b4 f   ucrtd:ucrtbased.dll
 0001:000071ba       __initterm_e               004081ba f   ucrtd:ucrtbased.dll
 0001:000071c0       _exit                      004081c0 f   ucrtd:ucrtbased.dll
 0001:000071c6       __exit                     004081c6 f   ucrtd:ucrtbased.dll
 0001:000071cc       __set_fmode                004081cc f   ucrtd:ucrtbased.dll
 0001:000071d2       __cexit                    004081d2 f   ucrtd:ucrtbased.dll
 0001:000071d8       __c_exit                   004081d8 f   ucrtd:ucrtbased.dll
 0001:000071de       __register_thread_local_exe_atexit_callback 004081de f   ucrtd:ucrtbased.dll
 0001:000071e4       __configthreadlocale       004081e4 f   ucrtd:ucrtbased.dll
 0001:000071ea       __set_new_mode             004081ea f   ucrtd:ucrtbased.dll
 0001:000071f0       ___p__commode              004081f0 f   ucrtd:ucrtbased.dll
 0001:000071f6       __wmakepath_s              004081f6 f   ucrtd:ucrtbased.dll
 0001:000071fc       __wsplitpath_s             004081fc f   ucrtd:ucrtbased.dll
 0001:00007202       _wcscpy_s                  00408202 f   ucrtd:ucrtbased.dll
 0001:00007208       __seh_filter_dll           00408208 f   ucrtd:ucrtbased.dll
 0001:0000720e       __initialize_onexit_table  0040820e f   ucrtd:ucrtbased.dll
 0001:00007214       __register_onexit_function 00408214 f   ucrtd:ucrtbased.dll
 0001:0000721a       __execute_onexit_table     0040821a f   ucrtd:ucrtbased.dll
 0001:00007220       __crt_atexit               00408220 f   ucrtd:ucrtbased.dll
 0001:00007226       __crt_at_quick_exit        00408226 f   ucrtd:ucrtbased.dll
 0001:0000722c       __controlfp_s              0040822c f   ucrtd:ucrtbased.dll
 0001:00007232       _terminate                 00408232 f   ucrtd:ucrtbased.dll
 0001:00007238       _IsDebuggerPresent@0       00408238 f   kernel32:KERNEL32.dll
 0001:0000723e       _RaiseException@16         0040823e f   kernel32:KERNEL32.dll
 0001:00007244       _MultiByteToWideChar@24    00408244 f   kernel32:KERNEL32.dll
 0001:0000724a       _WideCharToMultiByte@32    0040824a f   kernel32:KERNEL32.dll
 0001:00007250       _UnhandledExceptionFilter@4 00408250 f   kernel32:KERNEL32.dll
 0001:00007256       _SetUnhandledExceptionFilter@4 00408256 f   kernel32:KERNEL32.dll
 0001:0000725c       _TerminateProcess@8        0040825c f   kernel32:KERNEL32.dll
 0001:00007262       _IsProcessorFeaturePresent@4 00408262 f   kernel32:KERNEL32.dll
 0001:00007268       _HeapAlloc@12              00408268 f   kernel32:KERNEL32.dll
 0001:0000726e       _HeapFree@12               0040826e f   kernel32:KERNEL32.dll
 0001:00007274       _GetProcessHeap@0          00408274 f   kernel32:KERNEL32.dll
 0001:0000727a       _VirtualQuery@12           0040827a f   kernel32:KERNEL32.dll
 0001:00007280       _FreeLibrary@4             00408280 f   kernel32:KERNEL32.dll
 0001:00007286       _GetProcAddress@8          00408286 f   kernel32:KERNEL32.dll
 0001:0000728c       _QueryPerformanceCounter@4 0040828c f   kernel32:KERNEL32.dll
 0001:00007292       _GetCurrentProcessId@0     00408292 f   kernel32:KERNEL32.dll
 0001:00007298       _GetCurrentThreadId@0      00408298 f   kernel32:KERNEL32.dll
 0001:0000729e       _GetSystemTimeAsFileTime@4 0040829e f   kernel32:KERNEL32.dll
 0001:000072a4       _InitializeSListHead@4     004082a4 f   kernel32:KERNEL32.dll
 0001:000072aa       _GetStartupInfoW@4         004082aa f   kernel32:KERNEL32.dll
 0001:000072b0       _GetModuleHandleW@4        004082b0 f   kernel32:KERNEL32.dll
 0001:000072c0       ___acrt_initialize         004082c0 f   MSVCRTD:ucrt_stubs.obj
 0001:000072c0       ___scrt_stub_for_acrt_initialize 004082c0 f   MSVCRTD:ucrt_stubs.obj
 0001:000072c0       ___vcrt_initialize         004082c0 f   MSVCRTD:ucrt_stubs.obj
 0001:000072d0       ___scrt_stub_for_acrt_thread_attach 004082d0 f   MSVCRTD:ucrt_stubs.obj
 0001:000072d0       ___acrt_thread_attach      004082d0 f   MSVCRTD:ucrt_stubs.obj
 0001:000072d0       ___vcrt_thread_attach      004082d0 f   MSVCRTD:ucrt_stubs.obj
 0001:000072e0       ___scrt_stub_for_acrt_thread_detach 004082e0 f   MSVCRTD:ucrt_stubs.obj
 0001:000072e0       ___acrt_thread_detach      004082e0 f   MSVCRTD:ucrt_stubs.obj
 0001:000072e0       ___vcrt_thread_detach      004082e0 f   MSVCRTD:ucrt_stubs.obj
 0001:000072f0       ___scrt_stub_for_acrt_uninitialize 004082f0 f   MSVCRTD:ucrt_stubs.obj
 0001:000072f0       ___acrt_uninitialize       004082f0 f   MSVCRTD:ucrt_stubs.obj
 0001:000072f0       ___vcrt_uninitialize       004082f0 f   MSVCRTD:ucrt_stubs.obj
 0001:00007300       ___acrt_uninitialize_critical 00408300 f   MSVCRTD:ucrt_stubs.obj
 0001:00007300       ___scrt_stub_for_acrt_uninitialize_critical 00408300 f   MSVCRTD:ucrt_stubs.obj
 0001:00007300       ___vcrt_uninitialize_critical 00408300 f   MSVCRTD:ucrt_stubs.obj
 0001:00007310       ___scrt_stub_for_is_c_termination_complete 00408310 f   MSVCRTD:ucrt_stubs.obj
 0001:00007310       __is_c_termination_complete 00408310 f   MSVCRTD:ucrt_stubs.obj
 0002:00000000       ___xc_a                    0040a000     MSVCRTD:initializers.obj
 0002:00000208       ___xc_z                    0040a208     MSVCRTD:initializers.obj
 0002:0000030c       ___xi_a                    0040a30c     MSVCRTD:initializers.obj
 0002:00000618       ___xi_z                    0040a618     MSVCRTD:initializers.obj
 0002:0000071c       ___xp_a                    0040a71c     MSVCRTD:initializers.obj
 0002:00000820       ___xp_z                    0040a820     MSVCRTD:initializers.obj
 0002:00000924       ___xt_a                    0040a924     MSVCRTD:initializers.obj
 0002:00000a28       ___xt_z                    0040aa28     MSVCRTD:initializers.obj
 0002:00000b30       ??_C@_0N@POEGFPCD@Four?5Threads?$AA@ 0040ab30     Thr3.obj
 0002:00000b40       ??_C@_0BC@BLHBJFJM@CreateMutex?5Error?$AA@ 0040ab40     Thr3.obj
 0002:00000b58       ??_C@_0BG@GMPFHEIB@Mutex?5already?5started?$AA@ 0040ab58     Thr3.obj
 0002:00000b74       ??_C@_0BB@HJHNMHNI@HINSTANCE?5is?5?$CFld?$AA@ 0040ab74     Thr3.obj
 0002:00000b88       ??_C@_0N@JKNPOOFB@nWM_PAINT?$DN?$CFd?$AA@ 0040ab88     Thr3.obj
 0002:00000b98       ??_C@_0BE@DJEPCKDM@PaintEllipse?5Thread?$AA@ 0040ab98     Thr3.obj
 0002:00000bb0       ??_C@_0BD@BFNONGHF@Thread?5start?5Error?$AA@ 0040abb0     Thr3.obj
 0002:00000bc8       ??_C@_0BG@OEEFLHLE@PaintRectangle?5Thread?$AA@ 0040abc8     Thr3.obj
 0002:00000be4       ??_C@_0BB@CIGGELOB@PaintLine?5Thread?$AA@ 0040abe4     Thr3.obj
 0002:00000bf8       ??_C@_0BN@IFPLNADF@WAIT_ABANDONED_0?$DN?$CFd?5dwRet?$DN?$CFd?$AA@ 0040abf8     Thr3.obj
 0002:00000c1c       ??_C@_0BH@LBENJJIP@WaitForMultipleObjects?$AA@ 0040ac1c     Thr3.obj
 0002:00000c38       ??_C@_09HJKDFKPK@Error?5?$CFld?$AA@ 0040ac38     Thr3.obj
 0002:00000c44       ??_C@_0L@KICAKKML@Wait?5error?$AA@ 0040ac44     Thr3.obj
 0002:00000c54       ??_C@_0BK@GJOMGPAK@WAIT_OBJECT_0?$DN?$CFd?5dwRet?$DN?$CFd?$AA@ 0040ac54     Thr3.obj
 0002:00000c74       ??_C@_0BE@NIELIGGG@CloseHandle?5?5failed?$AA@ 0040ac74     Thr3.obj
 0002:00000c8c       ??_C@_0BA@LGLKABDD@nWM_PAINT?$DN?$CF11d?6?$AA@ 0040ac8c     Thr3.obj
 0002:00000ca0       ??_C@_0BO@BAJKFGFG@Primary?5Thread?5WM_PAINT?5count?$AA@ 0040aca0     Thr3.obj
 0002:00000cc4       ??_C@_0BI@ODPIALBN@SuspendThread?5Error?5?$CFld?$AA@ 0040acc4     Thr3.obj
 0002:00000ce0       ??_C@_0BH@ELLGFEKA@ResumeThread?5Error?5?$CFld?$AA@ 0040ace0     Thr3.obj
 0002:00000cfc       ??_C@_0BE@NKAOPKDM@IDLE_PRIORITY_CLASS?$AA@ 0040acfc     Thr3.obj
 0002:00000d14       ??_C@_02DKCKIIND@?$CFs?$AA@ 0040ad14     Thr3.obj
 0002:00000d18       ??_C@_0BG@FKBAKLHP@NORMAL_PRIORITY_CLASS?$AA@ 0040ad18     Thr3.obj
 0002:00000d34       ??_C@_0BE@GHCLIBDJ@HIGH_PRIORITY_CLASS?$AA@ 0040ad34     Thr3.obj
 0002:00000d4c       ??_C@_0BI@PIBBDMAM@REALTIME_PRIORITY_CLASS?$AA@ 0040ad4c     Thr3.obj
 0002:00000e28       ??_C@_0NN@NGPKDKPD@The?5value?5of?5ESP?5was?5not?5properl@ 0040ae28     MSVCRTD:_error_.obj
 0002:00000f38       ??_C@_0BBN@GPMLNJCF@A?5cast?5to?5a?5smaller?5data?5type?5ha@ 0040af38     MSVCRTD:_error_.obj
 0002:00001090       ??_C@_0BN@FFOINMNJ@Stack?5memory?5was?5corrupted?6?$AN?$AA@ 0040b090     MSVCRTD:_error_.obj
 0002:000010b4       ??_C@_0DG@HKJMLLLP@A?5local?5variable?5was?5used?5before@ 0040b0b4     MSVCRTD:_error_.obj
 0002:000010f4       ??_C@_0CM@NGINOKPC@Stack?5memory?5around?5_alloca?5was?5@ 0040b0f4     MSVCRTD:_error_.obj
 0002:00001128       ??_C@_0BO@GNIAFIKK@Unknown?5Runtime?5Check?5Error?6?$AN?$AA@ 0040b128     MSVCRTD:_error_.obj
 0002:00001150       ??_C@_1GM@OLMCBDMB@?$AAR?$AAu?$AAn?$AAt?$AAi?$AAm?$AAe?$AA?5?$AAC?$AAh?$AAe?$AAc?$AAk?$AA?5?$AAE?$AAr?$AAr?$AAo?$AAr?$AA?4?$AA?6?$AA?$AN?$AA?5?$AAU?$AAn?$AAa?$AAb?$AAl?$AAe?$AA?5?$AAt?$AAo@ 0040b150     MSVCRTD:_error_.obj
 0002:000011d8       ??_C@_1EA@NFKNIFJP@?$AAR?$AAu?$AAn?$AA?9?$AAT?$AAi?$AAm?$AAe?$AA?5?$AAC?$AAh?$AAe?$AAc?$AAk?$AA?5?$AAF?$AAa?$AAi?$AAl?$AAu?$AAr?$AAe?$AA?5?$AA?$CD?$AA?$CF?$AAd?$AA?5?$AA?9?$AA?5?$AA?$CF?$AAs?$AA?$AA@ 0040b1d8     MSVCRTD:_error_.obj
 0002:00001224       ??_C@_0BB@PFFGGCJP@Unknown?5Filename?$AA@ 0040b224     MSVCRTD:_error_.obj
 0002:00001238       ??_C@_0BE@GNBOBNCK@Unknown?5Module?5Name?$AA@ 0040b238     MSVCRTD:_error_.obj
 0002:00001250       ??_C@_0CA@IODNCDPG@Run?9Time?5Check?5Failure?5?$CD?$CFd?5?9?5?$CFs?$AA@ 0040b250     MSVCRTD:_error_.obj
 0002:00001278       ??_C@_0CG@IAFNJNEE@Stack?5corrupted?5near?5unknown?5var@ 0040b278     MSVCRTD:_error_.obj
 0002:000012a8       ??_C@_05MKKEDADM@?$CF?42X?5?$AA@ 0040b2a8     MSVCRTD:_error_.obj
 0002:000012b0       ??_C@_0EJ@LJKNEOLN@Stack?5area?5around?5_alloca?5memory@ 0040b2b0     MSVCRTD:_error_.obj
 0002:00001308       ??_C@_08OMAHNMHJ@?6Data?3?5?$DM?$AA@ 0040b308     MSVCRTD:_error_.obj
 0002:00001314       ??_C@_0CK@DKGBICFE@?6Allocation?5number?5within?5this?5f@ 0040b314     MSVCRTD:_error_.obj
 0002:00001348       ??_C@_07DFDJCKFN@?6Size?3?5?$AA@ 0040b348     MSVCRTD:_error_.obj
 0002:00001354       ??_C@_0N@MHFFIMFG@?6Address?3?50x?$AA@ 0040b354     MSVCRTD:_error_.obj
 0002:00001368       ??_C@_0EI@CLEPFNGI@Stack?5area?5around?5_alloca?5memory@ 0040b368     MSVCRTD:_error_.obj
 0002:000013c0       ??_C@_0BC@HHMKLAND@?$CFs?$CFs?$CFp?$CFs?$CFzd?$CFs?$CFd?$CFs?$AA@ 0040b3c0     MSVCRTD:_error_.obj
 0002:000013d8       ??_C@_01EEMJAFIK@?6?$AA@   0040b3d8     MSVCRTD:_error_.obj
 0002:000013dc       ??_C@_02LLMPMKNF@?$DO?5?$AA@ 0040b3dc     MSVCRTD:_error_.obj
 0002:000013e0       ??_C@_08KJEDNCKC@?$CFs?$CFs?$CFs?$CFs?$AA@ 0040b3e0     MSVCRTD:_error_.obj
 0002:000013ec       ??_C@_0DE@OHJBPMBP@A?5variable?5is?5being?5used?5without@ 0040b3ec     MSVCRTD:_error_.obj
 0002:00001450       ??_C@_0BJ@HEGAHDFO@Stack?5pointer?5corruption?$AA@ 0040b450     MSVCRTD:_userapi_.obj
 0002:00001470       ??_C@_0CK@FEGOIOPB@Cast?5to?5smaller?5type?5causing?5los@ 0040b470     MSVCRTD:_userapi_.obj
 0002:000014a4       ??_C@_0BI@CIGMDCBH@Stack?5memory?5corruption?$AA@ 0040b4a4     MSVCRTD:_userapi_.obj
 0002:000014c0       ??_C@_0CK@CNLNOEPB@Local?5variable?5used?5before?5initi@ 0040b4c0     MSVCRTD:_userapi_.obj
 0002:000014f4       ??_C@_0BP@OGBCLIBO@Stack?5around?5_alloca?5corrupted?$AA@ 0040b4f4     MSVCRTD:_userapi_.obj
 0002:00001578       ??_C@_1EI@MLPKHBGE@?$AAa?$AAp?$AAi?$AA?9?$AAm?$AAs?$AA?9?$AAw?$AAi?$AAn?$AA?9?$AAc?$AAo?$AAr?$AAe?$AA?9?$AAr?$AAe?$AAg?$AAi?$AAs?$AAt?$AAr?$AAy?$AA?9?$AAl?$AA1?$AA?9?$AA1?$AA?9?$AA0?$AA?4@ 0040b578     MSVCRTD:_pdblkup_.obj
 0002:000015d0       ??_C@_1BK@JHLNAEJL@?$AAa?$AAd?$AAv?$AAa?$AAp?$AAi?$AA3?$AA2?$AA?4?$AAd?$AAl?$AAl?$AA?$AA@ 0040b5d0     MSVCRTD:_pdblkup_.obj
 0002:000015f0       ??_C@_0O@COHOBMLB@RegOpenKeyExW?$AA@ 0040b5f0     MSVCRTD:_pdblkup_.obj
 0002:00001600       ??_C@_0BB@GLNAEDBD@RegQueryValueExW?$AA@ 0040b600     MSVCRTD:_pdblkup_.obj
 0002:00001614       ??_C@_0M@HLOHPNFA@RegCloseKey?$AA@ 0040b614     MSVCRTD:_pdblkup_.obj
 0002:00001628       ??_C@_1HE@EBEAGLFB@?$AAS?$AAO?$AAF?$AAT?$AAW?$AAA?$AAR?$AAE?$AA?2?$AAW?$AAo?$AAw?$AA6?$AA4?$AA3?$AA2?$AAN?$AAo?$AAd?$AAe?$AA?2?$AAM?$AAi?$AAc?$AAr?$AAo?$AAs?$AAo?$AAf?$AAt?$AA?2?$AAV@ 0040b628     MSVCRTD:_pdblkup_.obj
 0002:000016b4       ??_C@_1BG@EABPBLLF@?$AAP?$AAr?$AAo?$AAd?$AAu?$AAc?$AAt?$AAD?$AAi?$AAr?$AA?$AA@ 0040b6b4     MSVCRTD:_pdblkup_.obj
 0002:000016f4       ??_C@_1BC@JINFINNJ@?$AAM?$AAS?$AAP?$AAD?$AAB?$AA1?$AA4?$AA0?$AA?$AA@ 0040b6f4     MSVCRTD:_pdblkup_.obj
 0002:0000170c       ??_C@_0BB@KCIACLNC@PDBOpenValidate5?$AA@ 0040b70c     MSVCRTD:_pdblkup_.obj
 0002:00001720       ??_C@_01KDCPPGHE@r?$AA@    0040b720     MSVCRTD:_pdblkup_.obj
 0002:00001768       __load_config_used         0040b768     MSVCRTD:loadcfg.obj
 0002:00001920       ___safe_se_handler_table   0040b920     <linker-defined>
 0002:00001bb0       ___rtc_iaa                 0040bbb0     MSVCRTD:_initsect_.obj
 0002:00001db8       ___rtc_izz                 0040bdb8     MSVCRTD:_initsect_.obj
 0002:00001ebc       ___rtc_taa                 0040bebc     MSVCRTD:_initsect_.obj
 0002:000020c4       ___rtc_tzz                 0040c0c4     MSVCRTD:_initsect_.obj
 0003:00000000       ?szMutexName@@3PADA        0040d000     Thr3.obj
 0003:00000018       ?_RTC_ErrorLevels@@3PAHA   0040d018     MSVCRTD:_error_.obj
 0003:00000030       ___security_cookie_complement 0040d030     MSVCRTD:gs_cookie.obj
 0003:00000034       ___security_cookie         0040d034     MSVCRTD:gs_cookie.obj
 0003:0000003c       ___scrt_native_dllmain_reason 0040d03c     MSVCRTD:utility.obj
 0003:00000040       ___scrt_default_matherr    0040d040     MSVCRTD:matherr.obj
 0003:00000044       ___isa_enabled             0040d044     MSVCRTD:_cpu_disp_.obj
 0003:00000048       ___scrt_ucrt_dll_is_in_use 0040d048     MSVCRTD:ucrt_stubs.obj
 0003:00000158       ___@@_PchSym_@00@UkiltiznnrmtUyhfLuznxhUuznxhUlhUgzhpLILKuogsivzwhKumUgsiDUwvyftUhgwzucOlyq@97ABA47D6B050A67 0040d158     StdAfx.obj
 0003:00000160       ?criticalSection@@3U_RTL_CRITICAL_SECTION@@A 0040d160     Thr3.obj
 0003:00000178       ?hThreadE@@3PAPAXA         0040d178     Thr3.obj
 0003:00000184       ?fTerminateE@@3HA          0040d184     Thr3.obj
 0003:00000188       ?fTerminateR@@3HA          0040d188     Thr3.obj
 0003:0000018c       ?fTerminateL@@3HA          0040d18c     Thr3.obj
 0003:00000190       ?bSuspendE@@3_NA           0040d190     Thr3.obj
 0003:00000191       ?bSuspendR@@3_NA           0040d191     Thr3.obj
 0003:00000192       ?bSuspendL@@3_NA           0040d192     Thr3.obj
 0003:00000194       ?thridE@@3IA               0040d194     Thr3.obj
 0003:00000198       ?nWM_PAINT@@3KA            0040d198     Thr3.obj
 0003:0000019c       ?hInst@@3PAUHINSTANCE__@@A 0040d19c     Thr3.obj
 0003:000001a0       ?szTitle@@3PADA            0040d1a0     Thr3.obj
 0003:00000208       ?szWindowClass@@3PADA      0040d208     Thr3.obj
 0003:000002a8       ?_OptionsStorage@?1??__local_stdio_printf_options@@9@4_KA 0040d2a8     Thr3.obj
 0003:00000688       ___scrt_current_native_startup_state 0040d688     MSVCRTD:utility.obj
 0003:0000068c       ___scrt_native_startup_lock 0040d68c     MSVCRTD:utility.obj
 0003:000006b0       ?__type_info_root_node@@3U__type_info_node@@A 0040d6b0     MSVCRTD:tncleanup.obj
 0003:000006c0       ?_OptionsStorage@?1??__local_stdio_scanf_options@@9@4_KA 0040d6c0     MSVCRTD:default_local_stdio_options.obj
 0003:000006cc       ___scrt_debugger_hook_flag 0040d6cc     MSVCRTD:utility_desktop.obj
 0003:000006d0       ___isa_available           0040d6d0     MSVCRTD:_cpu_disp_.obj
 0003:000006d4       ___favor                   0040d6d4     MSVCRTD:_cpu_disp_.obj
 0003:000006dc       ___dyn_tls_dtor_callback   0040d6dc     <common>
 0003:000006e8       ___dyn_tls_init_callback   0040d6e8     <common>
 0004:00000000       __imp__CreateSolidBrush@4  0040e000     gdi32:GDI32.dll
 0004:00000004       __imp__Ellipse@20          0040e004     gdi32:GDI32.dll
 0004:00000008       __imp__LineTo@12           0040e008     gdi32:GDI32.dll
 0004:0000000c       __imp__Rectangle@20        0040e00c     gdi32:GDI32.dll
 0004:00000010       __imp__SelectObject@8      0040e010     gdi32:GDI32.dll
 0004:00000014       __imp__MoveToEx@16         0040e014     gdi32:GDI32.dll
 0004:00000018       __imp__DeleteObject@4      0040e018     gdi32:GDI32.dll
 0004:0000001c       \177GDI32_NULL_THUNK_DATA  0040e01c     gdi32:GDI32.dll
 0004:0000004c       __imp__GetCurrentProcess@0 0040e04c     kernel32:KERNEL32.dll
 0004:00000050       __imp__SetThreadPriority@8 0040e050     kernel32:KERNEL32.dll
 0004:00000054       __imp__GetThreadPriority@4 0040e054     kernel32:KERNEL32.dll
 0004:00000058       __imp__SuspendThread@4     0040e058     kernel32:KERNEL32.dll
 0004:0000005c       __imp__ResumeThread@4      0040e05c     kernel32:KERNEL32.dll
 0004:00000060       __imp__GetPriorityClass@4  0040e060     kernel32:KERNEL32.dll
 0004:00000064       __imp__WaitForMultipleObjects@16 0040e064     kernel32:KERNEL32.dll
 0004:00000068       __imp__GetStartupInfoW@4   0040e068     kernel32:KERNEL32.dll
 0004:0000006c       __imp__InitializeSListHead@4 0040e06c     kernel32:KERNEL32.dll
 0004:00000070       __imp__GetSystemTimeAsFileTime@4 0040e070     kernel32:KERNEL32.dll
 0004:00000074       __imp__GetCurrentThreadId@0 0040e074     kernel32:KERNEL32.dll
 0004:00000078       __imp__GetCurrentProcessId@0 0040e078     kernel32:KERNEL32.dll
 0004:0000007c       __imp__QueryPerformanceCounter@4 0040e07c     kernel32:KERNEL32.dll
 0004:00000080       __imp__Sleep@4             0040e080     kernel32:KERNEL32.dll
 0004:00000084       __imp__FreeLibrary@4       0040e084     kernel32:KERNEL32.dll
 0004:00000088       __imp__VirtualQuery@12     0040e088     kernel32:KERNEL32.dll
 0004:0000008c       __imp__GetProcessHeap@0    0040e08c     kernel32:KERNEL32.dll
 0004:00000090       __imp__HeapFree@12         0040e090     kernel32:KERNEL32.dll
 0004:00000094       __imp__HeapAlloc@12        0040e094     kernel32:KERNEL32.dll
 0004:00000098       __imp__IsProcessorFeaturePresent@4 0040e098     kernel32:KERNEL32.dll
 0004:0000009c       __imp__TerminateProcess@8  0040e09c     kernel32:KERNEL32.dll
 0004:000000a0       __imp__SetUnhandledExceptionFilter@4 0040e0a0     kernel32:KERNEL32.dll
 0004:000000a4       __imp__UnhandledExceptionFilter@4 0040e0a4     kernel32:KERNEL32.dll
 0004:000000a8       __imp__WideCharToMultiByte@32 0040e0a8     kernel32:KERNEL32.dll
 0004:000000ac       __imp__MultiByteToWideChar@24 0040e0ac     kernel32:KERNEL32.dll
 0004:000000b0       __imp__RaiseException@16   0040e0b0     kernel32:KERNEL32.dll
 0004:000000b4       __imp__IsDebuggerPresent@0 0040e0b4     kernel32:KERNEL32.dll
 0004:000000b8       __imp__GetModuleHandleW@4  0040e0b8     kernel32:KERNEL32.dll
 0004:000000bc       __imp__WaitForSingleObject@8 0040e0bc     kernel32:KERNEL32.dll
 0004:000000c0       __imp__DeleteCriticalSection@4 0040e0c0     kernel32:KERNEL32.dll
 0004:000000c4       __imp__InitializeCriticalSectionAndSpinCount@8 0040e0c4     kernel32:KERNEL32.dll
 0004:000000c8       __imp__LeaveCriticalSection@4 0040e0c8     kernel32:KERNEL32.dll
 0004:000000cc       __imp__EnterCriticalSection@4 0040e0cc     kernel32:KERNEL32.dll
 0004:000000d0       __imp__GetLastError@0      0040e0d0     kernel32:KERNEL32.dll
 0004:000000d4       __imp__GetProcAddress@8    0040e0d4     kernel32:KERNEL32.dll
 0004:000000d8       __imp__CloseHandle@4       0040e0d8     kernel32:KERNEL32.dll
 0004:000000dc       \177KERNEL32_NULL_THUNK_DATA 0040e0dc     kernel32:KERNEL32.dll
 0004:00000124       __imp_?flush@?$basic_ostream@DU?$char_traits@D@std@@@std@@QAEAAV12@XZ 0040e124     msvcprtd:MSVCP140D.dll
 0004:00000128       __imp_?put@?$basic_ostream@DU?$char_traits@D@std@@@std@@QAEAAV12@D@Z 0040e128     msvcprtd:MSVCP140D.dll
 0004:0000012c       __imp_??6?$basic_ostream@DU?$char_traits@D@std@@@std@@QAEAAV01@PBX@Z 0040e12c     msvcprtd:MSVCP140D.dll
 0004:00000130       __imp_??6?$basic_ostream@DU?$char_traits@D@std@@@std@@QAEAAV01@P6AAAV01@AAV01@@Z@Z 0040e130     msvcprtd:MSVCP140D.dll
 0004:00000134       __imp_?widen@?$basic_ios@DU?$char_traits@D@std@@@std@@QBEDD@Z 0040e134     msvcprtd:MSVCP140D.dll
 0004:00000138       __imp_?cout@std@@3V?$basic_ostream@DU?$char_traits@D@std@@@1@A 0040e138     msvcprtd:MSVCP140D.dll
 0004:0000013c       \177MSVCP140D_NULL_THUNK_DATA 0040e13c     msvcprtd:MSVCP140D.dll
 0004:0000016c       __imp__EndPaint@8          0040e16c     user32:USER32.dll
 0004:00000170       __imp__BeginPaint@8        0040e170     user32:USER32.dll
 0004:00000174       __imp__InvalidateRect@12   0040e174     user32:USER32.dll
 0004:00000178       __imp__GetDC@4             0040e178     user32:USER32.dll
 0004:0000017c       __imp__UpdateWindow@4      0040e17c     user32:USER32.dll
 0004:00000180       __imp__GetClientRect@8     0040e180     user32:USER32.dll
 0004:00000184       __imp__GetWindowRect@8     0040e184     user32:USER32.dll
 0004:00000188       __imp__LoadIconA@8         0040e188     user32:USER32.dll
 0004:0000018c       __imp__LoadCursorA@8       0040e18c     user32:USER32.dll
 0004:00000190       __imp__ReleaseDC@8         0040e190     user32:USER32.dll
 0004:00000194       __imp__MessageBoxA@16      0040e194     user32:USER32.dll
 0004:00000198       __imp__DrawTextA@20        0040e198     user32:USER32.dll
 0004:0000019c       __imp__GetMenu@4           0040e19c     user32:USER32.dll
 0004:000001a0       __imp__TranslateAcceleratorA@12 0040e1a0     user32:USER32.dll
 0004:000001a4       __imp__LoadAcceleratorsA@8 0040e1a4     user32:USER32.dll
 0004:000001a8       __imp__CheckMenuItem@12    0040e1a8     user32:USER32.dll
 0004:000001ac       __imp__SendDlgItemMessageA@20 0040e1ac     user32:USER32.dll
 0004:000001b0       __imp__IsDlgButtonChecked@8 0040e1b0     user32:USER32.dll
 0004:000001b4       __imp__LoadStringA@16      0040e1b4     user32:USER32.dll
 0004:000001b8       __imp__wsprintfA           0040e1b8     user32:USER32.dll
 0004:000001bc       __imp__GetMessageA@16      0040e1bc     user32:USER32.dll
 0004:000001c0       __imp__TranslateMessage@4  0040e1c0     user32:USER32.dll
 0004:000001c4       __imp__DispatchMessageA@4  0040e1c4     user32:USER32.dll
 0004:000001c8       __imp__DefWindowProcA@16   0040e1c8     user32:USER32.dll
 0004:000001cc       __imp__PostQuitMessage@4   0040e1cc     user32:USER32.dll
 0004:000001d0       __imp__RegisterClassExA@4  0040e1d0     user32:USER32.dll
 0004:000001d4       __imp__CreateWindowExA@48  0040e1d4     user32:USER32.dll
 0004:000001d8       __imp__DestroyWindow@4     0040e1d8     user32:USER32.dll
 0004:000001dc       __imp__ShowWindow@8        0040e1dc     user32:USER32.dll
 0004:000001e0       __imp__DialogBoxParamA@20  0040e1e0     user32:USER32.dll
 0004:000001e4       __imp__EndDialog@8         0040e1e4     user32:USER32.dll
 0004:000001e8       __imp__CheckRadioButton@16 0040e1e8     user32:USER32.dll
 0004:000001ec       \177USER32_NULL_THUNK_DATA 0040e1ec     user32:USER32.dll
 0004:00000230       __imp__memset              0040e230     vcruntimed:VCRUNTIME140D.dll
 0004:00000234       __imp____vcrt_GetModuleFileNameW 0040e234     vcruntimed:VCRUNTIME140D.dll
 0004:00000238       __imp___except_handler4_common 0040e238     vcruntimed:VCRUNTIME140D.dll
 0004:0000023c       __imp____vcrt_LoadLibraryExW 0040e23c     vcruntimed:VCRUNTIME140D.dll
 0004:00000240       __imp____vcrt_GetModuleHandleW 0040e240     vcruntimed:VCRUNTIME140D.dll
 0004:00000244       __imp____std_type_info_destroy_list 0040e244     vcruntimed:VCRUNTIME140D.dll
 0004:00000248       \177VCRUNTIME140D_NULL_THUNK_DATA 0040e248     vcruntimed:VCRUNTIME140D.dll
 0004:00000278       __imp___register_thread_local_exe_atexit_callback 0040e278     ucrtd:ucrtbased.dll
 0004:0000027c       __imp___configthreadlocale 0040e27c     ucrtd:ucrtbased.dll
 0004:00000280       __imp___set_new_mode       0040e280     ucrtd:ucrtbased.dll
 0004:00000284       __imp____p__commode        0040e284     ucrtd:ucrtbased.dll
 0004:00000288       __imp___wmakepath_s        0040e288     ucrtd:ucrtbased.dll
 0004:0000028c       __imp___wsplitpath_s       0040e28c     ucrtd:ucrtbased.dll
 0004:00000290       __imp__wcscpy_s            0040e290     ucrtd:ucrtbased.dll
 0004:00000294       __imp___seh_filter_dll     0040e294     ucrtd:ucrtbased.dll
 0004:00000298       __imp___initialize_onexit_table 0040e298     ucrtd:ucrtbased.dll
 0004:0000029c       __imp___register_onexit_function 0040e29c     ucrtd:ucrtbased.dll
 0004:000002a0       __imp___execute_onexit_table 0040e2a0     ucrtd:ucrtbased.dll
 0004:000002a4       __imp___crt_atexit         0040e2a4     ucrtd:ucrtbased.dll
 0004:000002a8       __imp___crt_at_quick_exit  0040e2a8     ucrtd:ucrtbased.dll
 0004:000002ac       __imp___controlfp_s        0040e2ac     ucrtd:ucrtbased.dll
 0004:000002b0       __imp__terminate           0040e2b0     ucrtd:ucrtbased.dll
 0004:000002b4       __imp___c_exit             0040e2b4     ucrtd:ucrtbased.dll
 0004:000002b8       __imp___cexit              0040e2b8     ucrtd:ucrtbased.dll
 0004:000002bc       __imp___set_fmode          0040e2bc     ucrtd:ucrtbased.dll
 0004:000002c0       __imp___exit               0040e2c0     ucrtd:ucrtbased.dll
 0004:000002c4       __imp___initterm_e         0040e2c4     ucrtd:ucrtbased.dll
 0004:000002c8       __imp___initterm           0040e2c8     ucrtd:ucrtbased.dll
 0004:000002cc       __imp___get_narrow_winmain_command_line 0040e2cc     ucrtd:ucrtbased.dll
 0004:000002d0       __imp___initialize_narrow_environment 0040e2d0     ucrtd:ucrtbased.dll
 0004:000002d4       __imp___configure_narrow_argv 0040e2d4     ucrtd:ucrtbased.dll
 0004:000002d8       __imp____setusermatherr    0040e2d8     ucrtd:ucrtbased.dll
 0004:000002dc       __imp___set_app_type       0040e2dc     ucrtd:ucrtbased.dll
 0004:000002e0       __imp___seh_filter_exe     0040e2e0     ucrtd:ucrtbased.dll
 0004:000002e4       __imp____stdio_common_vsprintf_s 0040e2e4     ucrtd:ucrtbased.dll
 0004:000002e8       __imp___CrtDbgReportW      0040e2e8     ucrtd:ucrtbased.dll
 0004:000002ec       __imp___CrtDbgReport       0040e2ec     ucrtd:ucrtbased.dll
 0004:000002f0       __imp__rand                0040e2f0     ucrtd:ucrtbased.dll
 0004:000002f4       __imp__srand               0040e2f4     ucrtd:ucrtbased.dll
 0004:000002f8       __imp____stdio_common_vsprintf 0040e2f8     ucrtd:ucrtbased.dll
 0004:000002fc       __imp___beginthreadex      0040e2fc     ucrtd:ucrtbased.dll
 0004:00000300       __imp__strlen              0040e300     ucrtd:ucrtbased.dll
 0004:00000304       __imp__exit                0040e304     ucrtd:ucrtbased.dll
 0004:00000308       \177ucrtbased_NULL_THUNK_DATA 0040e308     ucrtd:ucrtbased.dll
 0004:00000350       __IMPORT_DESCRIPTOR_KERNEL32 0040e350     kernel32:KERNEL32.dll
 0004:00000364       __IMPORT_DESCRIPTOR_USER32 0040e364     user32:USER32.dll
 0004:00000378       __IMPORT_DESCRIPTOR_GDI32  0040e378     gdi32:GDI32.dll
 0004:0000038c       __IMPORT_DESCRIPTOR_MSVCP140D 0040e38c     msvcprtd:MSVCP140D.dll
 0004:000003a0       __IMPORT_DESCRIPTOR_VCRUNTIME140D 0040e3a0     vcruntimed:VCRUNTIME140D.dll
 0004:000003b4       __IMPORT_DESCRIPTOR_ucrtbased 0040e3b4     ucrtd:ucrtbased.dll
 0004:000003c8       __NULL_IMPORT_DESCRIPTOR   0040e3c8     kernel32:KERNEL32.dll
 0006:00000000       ___guard_check_icall_fptr  00411000     MSVCRTD:guard_support.obj
